[backblue.gif]
[fade.gif]
[index.html]
[127.0.0.1_8052/_favicon7317.ico]
[stackpath.bootstrapcdn.com/bootstrap/4.5.2/css/bootstrap.min.css]
[127.0.0.1_8052/_dash-component-suites/dash/deps/polyfill@7.v2_3_1m1649064574.12.1.min.js]
[127.0.0.1_8052/_dash-component-suites/dash/deps/react@16.v2_3_1m1649064574.14.0.min.js]
[127.0.0.1_8052/_dash-component-suites/dash/deps/react-dom@16.v2_3_1m1649064574.14.0.min.js]
[127.0.0.1_8052/_dash-component-suites/dash/deps/prop-types@15.v2_3_1m1649064574.7.2.min.js]
[127.0.0.1_8052/_dash-component-suites/visdcc/bundle.v0_0_50m1649064577.js]
[127.0.0.1_8052/_dash-component-suites/dash_bootstrap_components/_components/dash_bootstrap_components.v0_13_1m1649064596.min.js]
[127.0.0.1_8052/_dash-component-suites/dash/dash-renderer/build/dash_renderer.v2_3_1m1649064574.min.js]
[127.0.0.1_8052/_dash-component-suites/dash/dcc/dash_core_components.v2_3_0m1649064574.js]
[127.0.0.1_8052/_dash-component-suites/dash/dcc/dash_core_components-shared.v2_3_0m1649064574.js]
[127.0.0.1_8052/_dash-component-suites/dash/html/dash_html_components.v2_0_2m1649064575.min.js]
[127.0.0.1_8052/_dash-component-suites/dash/dash_table/bundle.v5_1_1m1649064574.js]
[127.0.0.1_8052/index.html]
[stackpath.bootstrapcdn.com/bootstrap/4.5.2/css/bootstrap.min.css]
